[
  {
    "port": 22,
    "protocol": "tcp",
    "family": "ipv4",
    "address": "0.0.0.0",
    "state": "LISTEN",
    "pid": 812,
    "parent_pid": 1,
    "process_name": "sshd",
    "user": "root",
    "command": "sshd: /usr/sbin/sshd -D [listener] 0 of 10-100 startups",
    "executable": "/usr/sbin/sshd",
    "working_dir": "/",
    "started_at": "2026-10-09T08:30:00Z",
    "remote_address": null,
    "container": null
  },
  {
    "port": 3000,
    "protocol": "tcp",
    "family": "ipv6",
    "address": "::",
    "state": "LISTEN",
    "pid": 4311,
    "parent_pid": 4300,
    "process_name": "node",
    "user": "alice",
    "command": "node server.js --port 3000",
    "executable": "/usr/bin/node",
    "working_dir": "/home/alice/app",
    "started_at": "2026-10-09T10:30:00Z",
    "remote_address": null,
    "container": null
  },
  {
    "port": 5353,
    "protocol": "udp",
    "family": "ipv4",
    "address": "0.0.0.0",
    "state": "UNCONN",
    "pid": null,
    "parent_pid": null,
    "process_name": null,
    "user": null,
    "command": null,
    "executable": null,
    "working_dir": null,
    "started_at": null,
    "remote_address": null,
    "container": null
  },
  {
    "port": 5432,
    "protocol": "tcp",
    "family": "ipv4",
    "address": "127.0.0.1",
    "state": "LISTEN",
    "pid": null,
    "parent_pid": null,
    "process_name": null,
    "user": null,
    "command": null,
    "executable": null,
    "working_dir": null,
    "started_at": null,
    "remote_address": null,
    "container": {
      "id": "0123456789ab",
      "name": "analytics_db",
      "image": "postgres:16"
    }
  },
  {
    "port": 8080,
    "protocol": "tcp",
    "family": "ipv4",
    "address": "0.0.0.0",
    "state": "LISTEN",
    "pid": 2100,
    "parent_pid": null,
    "process_name": "docker-proxy",
    "user": "root",
    "command": "/usr/bin/docker-proxy -proto tcp -host-ip 0.0.0.0 -host-port 8080",
    "executable": null,
    "working_dir": null,
    "started_at": null,
    "remote_address": null,
    "container": {
      "id": "7f3a9c2e1b4d",
      "name": "web",
      "image": "nginx:1.27-alpine"
    }
  },
  {
    "port": 8080,
    "protocol": "tcp",
    "family": "ipv4",
    "address": "127.0.0.1",
    "state": "ESTABLISHED",
    "pid": 4311,
    "parent_pid": null,
    "process_name": "node",
    "user": "alice",
    "command": null,
    "executable": null,
    "working_dir": null,
    "started_at": null,
    "remote_address": "127.0.0.1:51844",
    "container": null
  }
]
